Γû▓ Next.js 16.2.9 (Turbopack)

  Creating an optimized production build ...
