node.exe : [31m[1mΓ¿»[22m[39m Another [36mnext build[39m process is 
already running.
At line:1 char:1
+ & "C:\Program Files\nodejs/node.exe" "C:\Users\user\AppData\Roaming\n ...
+ ~~~~~~~~~~~~~~~~~~~~~~~~~~~~~~~~~~~~~~~~~~~~~~~~~~~~~~~~~~~~~~~~~~~~~
    + CategoryInfo          : NotSpecified: ([31m[1mΓ¿»[2...lready running. 
   :String) [], RemoteException
    + FullyQualifiedErrorId : NativeCommandError
 

  This could be:
  - A [36mnext build[39m still in progress
  - A previous build that didn't exit cleanly

